PASS	partitions, tableaux, RSK and jeu de taquin	57
PASS	Littlewood–Richardson	7
PASS	ordinary characters	113
PASS	five exact symmetric bases	108
PASS	plethysm	5
PASS	numeric keyboard grammar	16
PASS	Young graph	64
PASS	subsequences and reduced words	463
PASS	strong Bruhat order	577
PASS	SplitMix64 and random objects	517
PASS	strict input grammar	11
PASS	typed laboratory operations and result projections	142
PASS	all laboratory commands and stateful sequences	194
PASS	actions, pixels and presentation	109
HOST_IMAGE_SINK_PASS	/workspace/scratch/df6a5bad82b3/idric-host-qualification-01/frames/initial.ppm	0
HOST_IMAGE_SINK_PASS	/workspace/scratch/df6a5bad82b3/idric-host-qualification-01/frames/rsk-insertion-1.ppm	1
HOST_IMAGE_SINK_PASS	/workspace/scratch/df6a5bad82b3/idric-host-qualification-01/frames/rsk-insertion-2.ppm	2
HOST_IMAGE_SINK_PASS	/workspace/scratch/df6a5bad82b3/idric-host-qualification-01/frames/jeu-move-1.ppm	3
HOST_IMAGE_SINK_PASS	/workspace/scratch/df6a5bad82b3/idric-host-qualification-01/frames/jeu-move-2.ppm	4
HOST_IMAGE_SINK_PASS	/workspace/scratch/df6a5bad82b3/idric-host-qualification-01/frames/jeu-corner-removed.ppm	5
HOST_IMAGE_SINK_PASS	/workspace/scratch/df6a5bad82b3/idric-host-qualification-01/frames/reference-partition-changed.ppm	6
HOST_IMAGE_SINK_PASS	/workspace/scratch/df6a5bad82b3/idric-host-qualification-01/frames/jeu-reset.ppm	7
HOST_IMAGE_SINK_PASS	/workspace/scratch/df6a5bad82b3/idric-host-qualification-01/frames/laboratory-hook-product.ppm	8
HOST_IMAGE_SINK_PASS	/workspace/scratch/df6a5bad82b3/idric-host-qualification-01/frames/laboratory-graph-page-1.ppm	8
HOST_IMAGE_SINK_PASS	/workspace/scratch/df6a5bad82b3/idric-host-qualification-01/frames/laboratory-graph-page-2.ppm	9
PASS	combined assertions	2383
YOUNG_IDRIC_PASS
