PASS	partitions, tableaux, RSK and jeu de taquin	57
PASS	Littlewood–Richardson	7
PASS	ordinary characters	113
PASS	five exact symmetric bases	108
PASS	plethysm	5
PASS	numeric keyboard grammar	16
PASS	Young graph	64
PASS	subsequences and reduced words	463
PASS	strong Bruhat order	577
PASS	SplitMix64 and random objects	517
PASS	strict input grammar	11
PASS	typed laboratory operations and result projections	142
YOUNG_IDRIC_FAIL	command evaluates and installs DisplayPartition
YOUNG_IDRIC_FAIL	command evaluates and installs ConjugatePartition
YOUNG_IDRIC_FAIL	command evaluates and installs ListCells
YOUNG_IDRIC_FAIL	command evaluates and installs DisplayTableau
YOUNG_IDRIC_FAIL	command evaluates and installs ValidateTableau
YOUNG_IDRIC_FAIL	command evaluates and installs StandardizeTableau
YOUNG_IDRIC_FAIL	command evaluates and installs InsertLetter
YOUNG_IDRIC_FAIL	command evaluates and installs ReverseInsert
YOUNG_IDRIC_FAIL	command evaluates and installs TransposeTableau
YOUNG_IDRIC_FAIL	command evaluates and installs ComputeHookLengths
YOUNG_IDRIC_FAIL	command evaluates and installs ComputeHookProduct
YOUNG_IDRIC_FAIL	command evaluates and installs CountStandardTableaux
YOUNG_IDRIC_FAIL	command evaluates and installs FindCorners
YOUNG_IDRIC_FAIL	command evaluates and installs FindAddableCells
YOUNG_IDRIC_FAIL	command evaluates and installs FindRemovableCells
YOUNG_IDRIC_FAIL	command evaluates and installs AddCell
YOUNG_IDRIC_FAIL	command evaluates and installs RemoveCell
YOUNG_IDRIC_FAIL	command evaluates and installs RSKPermutation
YOUNG_IDRIC_FAIL	command evaluates and installs RSKWord
YOUNG_IDRIC_FAIL	command evaluates and installs RSKBiword
YOUNG_IDRIC_FAIL	command evaluates and installs RSKMatrix
YOUNG_IDRIC_FAIL	command evaluates and installs InverseRSK
YOUNG_IDRIC_FAIL	command evaluates and installs JeuDeTaquinSlide
YOUNG_IDRIC_FAIL	command evaluates and installs Rectify
YOUNG_IDRIC_FAIL	command evaluates and installs Promote
YOUNG_IDRIC_FAIL	command evaluates and installs Evacuate
YOUNG_IDRIC_FAIL	command evaluates and installs LittlewoodRichardsonCoefficient
YOUNG_IDRIC_FAIL	command evaluates and installs EnumerateLRTableaux
YOUNG_IDRIC_FAIL	command evaluates and installs MultiplySchurFunctions
YOUNG_IDRIC_FAIL	command evaluates and installs CharacterValue
YOUNG_IDRIC_FAIL	command evaluates and installs RepresentationDimension
YOUNG_IDRIC_FAIL	command evaluates and installs ChangeBasis
YOUNG_IDRIC_FAIL	command evaluates and installs Specialize
YOUNG_IDRIC_FAIL	command evaluates and installs Plethysm
YOUNG_IDRIC_FAIL	command evaluates and installs BranchUp
YOUNG_IDRIC_FAIL	command evaluates and installs BranchDown
YOUNG_IDRIC_FAIL	command evaluates and installs EnumerateYoungGraphPaths
YOUNG_IDRIC_FAIL	command evaluates and installs GenerateRandomPermutation
YOUNG_IDRIC_FAIL	command evaluates and installs GenerateRandomStandardTableau
YOUNG_IDRIC_FAIL	command evaluates and installs SamplePlancherelPartition
YOUNG_IDRIC_FAIL	command evaluates and installs ComputeLongestIncreasingSubsequence
YOUNG_IDRIC_FAIL	command evaluates and installs ComputeLongestDecreasingSubsequence
YOUNG_IDRIC_FAIL	command evaluates and installs CoxeterReducedWord
YOUNG_IDRIC_FAIL	command evaluates and installs BruhatRelations
YOUNG_IDRIC_FAIL	basic actions preserve sequential RSK input and navigation
YOUNG_IDRIC_FAIL	scientific RSK continues through basic navigation
YOUNG_IDRIC_FAIL	repeated random permutation command advances the same stream
YOUNG_IDRIC_FAIL	repeated random tableau command advances the same stream
YOUNG_IDRIC_FAIL	setting the same seed restarts the same stream
YOUNG_IDRIC_FAIL	result pagination preserves the complete returned graph paths
YOUNG_IDRIC_FAIL	result pagination rejects both endpoint overflows
YOUNG_IDRIC_FAIL	explicit hook command displays the independently known hook product
YOUNG_IDRIC_FAIL	explicit LR command accepts three distinct partition arguments
YOUNG_IDRIC_FAIL	negative integer alphabet has exact specialization
YOUNG_IDRIC_FAIL	empty partition argument is preserved
YOUNG_IDRIC_FAIL	decreasing validation codes are usable
YOUNG_IDRIC_FAIL	false property remains a successful displayed result
YOUNG_IDRIC_FAIL	failure preserves next random result: GenerateRandomPermutation 65
YOUNG_IDRIC_FAIL	failure preserves next random result: seed -1
YOUNG_IDRIC_FAIL	failure preserves next random result: RSKPermutation 1,1
YOUNG_IDRIC_FAIL	failure preserves next random result: ChangeBasis 0;1,0;2 1
